// Vitest Snapshot v1, https://vitest.dev/guide/snapshot.html

exports[`ecchi-loader 1`] = `
"/***********************************************
 * This file was generated by @ecchi-ts/webpack-loader v2
 * Is this in "webpack mode": true
 ***********************************************/

"
`;
